<!DOCTYPE html>
<html>
  <head></head>
  <body>
    Some text
    <h1>The title</h1>

  </body>
</html>
