<!DOCTYPE html>
<html>
  <head>
    <title>Home</title>
  </head>
  <body>
    <h1>The home page</h1>

  </body>
</html>
