<header>Head</header>
<p>Nav</p>
<p>Content</p>

<footer>Footer</footer>
