<!DOCTYPE html>
<html>
  <head></head>
  <body>
    <h1>The home page</h1>

  </body>
</html>
