<!DOCTYPE html>
<html>
  <head>
    <title>About</title>
  </head>
  <body>
    <h1>The about page</h1>

  </body>
</html>
