<!DOCTYPE html>
<html>
  <head>
    <title>Overridden template</title>
  </head>
  <body>
    <h1>The title</h1>

  </body>
</html>
